// Jest Snapshot v1, https://goo.gl/fbAQLP

exports[`DogList renders a list of dogs 1`] = `
<div>
  <div
    class="dog-list"
  >
    <a
      class="dog-link"
      href="/dogs/1"
    >
      <div>
        <p>
          meet
        </p>
        <h1>
          Barkley
        </h1>
        <img
          src="https://placedog.net/400/400/1"
        />
      </div>
    </a>
    <a
      class="dog-link"
      href="/dogs/2"
    >
      <div>
        <p>
          meet
        </p>
        <h1>
          Goldie
        </h1>
        <img
          src="https://placedog.net/400/400/2"
        />
      </div>
    </a>
    <a
      class="dog-link"
      href="/dogs/3"
    >
      <div>
        <p>
          meet
        </p>
        <h1>
          Beatrix
        </h1>
        <img
          src="https://placedog.net/400/400/3"
        />
      </div>
    </a>
    <a
      class="dog-link"
      href="/dogs/4"
    >
      <div>
        <p>
          meet
        </p>
        <h1>
          Jubilee
        </h1>
        <img
          src="https://placedog.net/400/400/4"
        />
      </div>
    </a>
    <a
      class="dog-link"
      href="/dogs/5"
    >
      <div>
        <p>
          meet
        </p>
        <h1>
          Luna
        </h1>
        <img
          src="https://placedog.net/400/400/5 "
        />
      </div>
    </a>
    <a
      class="dog-link"
      href="/dogs/6"
    >
      <div>
        <p>
          meet
        </p>
        <h1>
          Sadie
        </h1>
        <img
          src="https://placedog.net/400/400/6"
        />
      </div>
    </a>
    <a
      class="dog-link"
      href="/dogs/7"
    >
      <div>
        <p>
          meet
        </p>
        <h1>
          Perry
        </h1>
        <img
          src="https://placedog.net/400/400/7"
        />
      </div>
    </a>
    <a
      class="dog-link"
      href="/dogs/8"
    >
      <div>
        <p>
          meet
        </p>
        <h1>
          Urso
        </h1>
        <img
          src="https://placedog.net/400/400/8"
        />
      </div>
    </a>
    <a
      class="dog-link"
      href="/dogs/9"
    >
      <div>
        <p>
          meet
        </p>
        <h1>
          Milo
        </h1>
        <img
          src="https://placedog.net/400/400/9"
        />
      </div>
    </a>
    <a
      class="dog-link"
      href="/dogs/10"
    >
      <div>
        <p>
          meet
        </p>
        <h1>
          Dutch
        </h1>
        <img
          src="https://placedog.net/400/400/10"
        />
      </div>
    </a>
    <a
      class="dog-link"
      href="/dogs/11"
    >
      <div>
        <p>
          meet
        </p>
        <h1>
          Butters
        </h1>
        <img
          src="https://placedog.net/400/400/11"
        />
      </div>
    </a>
  </div>
</div>
`;
