// Jest Snapshot v1, https://goo.gl/fbAQLP

exports[`DogDetail renders an individual dog with details 1`] = `
<div>
  <div
    class="dog-detail"
  >
    <h1>
      Sadie
    </h1>
    <img
      src="https://placedog.net/400/400/6"
    />
    <h2>
      Meet 
      Sadie
      , the 
      
    </h2>
    <h3>
      Age 
      10
      .
    </h3>
    <p>
      When she's not busy being your admirer, Sadie likes to curl up and take a nap. Great with kids and other mellow pets!
    </p>
  </div>
  <a
    href="/dogs/6/edit"
  >
    Edit
  </a>
</div>
`;
